IP: 42.42.42.42 
IP: 42.42.42.43 
IP: 42.42.42.44 
IP: 43.34.133.6 
IP: 43.43.43.43 
IP: 43.43.43.44 
IP: 43.43.43.45 
IP: 43.78.99.7 
IP: 44.44.44.44 
IP: 44.44.44.45 
IP: 44.44.44.46 
IP: 45.45.45.45 
IP: 45.45.45.46 
IP: 45.45.45.47 
